1     	 0000					.extern _my_state
2     	 0000					.public _distortionInit
3     	 0000					.public _fabs_foo
4     	 0000					.public _processSingleChannel
5     							.code_ovly
5      >> start of macro: .code_ovly
1+    									seg_single , "CODE_OVLY", CODE
1+     >> start of macro: seg_single
1+    						  .if ( "" != "" ) & defined( ___SegStart_CODE_ )
2+    						    segment
3+    						  .else
4+    						    segment "CODE_OVLY"
5+    							.if "" != ""
6+    						___SegStart_CODE_
7+    							.endif
8+    						  .endif
9+    							#RememberSegmentType
10+    >> end of macro: seg_single
2+     >> end of macro: .code_ovly
6     						
7     						
8     						
9     	 0000				_distortionInit:			/* LN: 6 | CYCLE: 0 | RULES: () */ 
10    	 0000	 BB540007		xmem[i7] = i7			# LN: 6 | 
11    	 0001	 020F7FFF		i7 += 1			# LN: 6 | 
12    	 0002	 87750003		i7 = i7 + (0x3)			# LN: 6 | 
13    	 0003	 91750001		i1 = i7 - (0x1)			# LN: 6 | 
14    	 0004	 B0540001		xmem[i1] = i0			# LN: 6 | 
15    	 0005	 90750002		i0 = i7 - (0x2)			# LN: 6 | 
16    	 0006	 98540000		xmem[i0] = a0h			# LN: 6 | 
17    	 0007	 90750003		i0 = i7 - (0x3)			# LN: 6 | 
18    	 0008	 99540000		xmem[i0] = a1h			# LN: 6 | 
19    	 0009				cline_6_0:			/* LN: 8 | CYCLE: 0 | RULES: () */ 
20    	 0009	 90750001		i0 = i7 - (0x1)			# LN: 8 | 
21    	 000A	 88140000		a0 = xmem[i0]			# LN: 8 | 
22    	 000B	 98090030		AnyReg(i0, a0h)			# LN: 8 | 
23    	 000C	 91750002		i1 = i7 - (0x2)			# LN: 8 | 
24    	 000D	 88140001		a0 = xmem[i1]			# LN: 8 | 
25    	 000E	 98540000		xmem[i0] = a0h			# LN: 8 | 
26    	 000F				cline_8_0:			/* LN: 9 | CYCLE: 0 | RULES: () */ 
27    	 000F	 90750001		i0 = i7 - (0x1)			# LN: 9 | 
28    	 0010	 B0140000		i0 = xmem[i0]			# LN: 9 | 
29    	 0011	 91750003		i1 = i7 - (0x3)			# LN: 9 | 
30    	 0012	 02087FFF		i0 += 1			# LN: 9 | 
31    	 0013	 88140001		a0 = xmem[i1]			# LN: 9 | 
32    	 0014	 98540000		xmem[i0] = a0h			# LN: 9 | 
33    	 0015				cline_9_0:			/* LN: 10 | CYCLE: 0 | RULES: () */ 
34    	 0015	 80080016		jmp (__epilogue_104)			# LN: 10 | 
35    	 0016				__epilogue_104:			/* LN: 10 | CYCLE: 0 | RULES: () */ 
36    	 0016	 97750003		i7 = i7 - (0x3)			# LN: 10 | 
37    	 0017	 02177FFF		i7 -= 1			# LN: 10 | 
38    	 0018	 81880000		ret			# LN: 10 | 
39    						
40    						
41    						
42    	 0019				_fabs_foo:			/* LN: 12 | CYCLE: 0 | RULES: () */ 
43    	 0019	 BB540007		xmem[i7] = i7			# LN: 12 | 
44    	 001A	 020F7FFF		i7 += 1			# LN: 12 | 
45    	 001B	 87750001		i7 = i7 + (0x1)			# LN: 12 | 
46    	 001C	 90750001		i0 = i7 - (0x1)			# LN: 12 | 
47    	 001D	 98540000		xmem[i0] = a0h			# LN: 12 | 
48    	 001E				cline_12_0:			/* LN: 14 | CYCLE: 0 | RULES: () */ 
49    	 001E	 90750001		i0 = i7 - (0x1)			# LN: 14 | 
50    	 001F	 88140000		a0 = xmem[i0]			# LN: 14 | 
51    	 0020	 00004E80		a0 & a0			# LN: 14 | 
52    	 0021	 84C80026		if (a >= 0) jmp (else_0)			# LN: 14 | 
53    	 0022				cline_14_0:			/* LN: 16 | CYCLE: 0 | RULES: () */ 
54    	 0022	 90750001		i0 = i7 - (0x1)			# LN: 16 | 
55    	 0023	 88140000		a0 = xmem[i0]			# LN: 16 | 
56    	 0024	 00004C80		a0 =- a0			# LN: 16 | 
57    	 0025	 80080029		jmp (__epilogue_106)			# LN: 16 | 
58    	 0026				cline_16_0:			/* LN: 18 | CYCLE: 0 | RULES: () */ 
59    	 0026				endif_0:			/* LN: 14 | CYCLE: 0 | RULES: () */ 
60    	 0026				else_0:			/* LN: 14 | CYCLE: 0 | RULES: () */ 
61    	 0026	 90750001		i0 = i7 - (0x1)			# LN: 18 | 
62    	 0027	 88140000		a0 = xmem[i0]			# LN: 18 | 
63    	 0028	 80080029		jmp (__epilogue_106)			# LN: 18 | 
64    	 0029				cline_18_0:			/* LN: 19 | CYCLE: 0 | RULES: () */ 
65    	 0029				__epilogue_106:			/* LN: 19 | CYCLE: 0 | RULES: () */ 
66    	 0029	 97750001		i7 = i7 - (0x1)			# LN: 19 | 
67    	 002A	 02177FFF		i7 -= 1			# LN: 19 | 
68    	 002B	 81880000		ret			# LN: 19 | 
69    						
70    						
71    						
72    	 002C				_processSingleChannel:			/* LN: 22 | CYCLE: 0 | RULES: () */ 
73    	 002C	 BB540007		xmem[i7] = i7			# LN: 22 | 
74    	 002D	 020F7FFF		i7 += 1			# LN: 22 | 
75    	 002E	 87750005		i7 = i7 + (0x5)			# LN: 22 | 
76    	 002F	 94750001		i4 = i7 - (0x1)			# LN: 22 | 
77    	 0030	 B0540004		xmem[i4] = i0			# LN: 22 | 
78    	 0031	 90750002		i0 = i7 - (0x2)			# LN: 22 | 
79    	 0032	 B1540000		xmem[i0] = i1			# LN: 22 | 
80    	 0033				cline_22_0:			/* LN: 26 | CYCLE: 0 | RULES: () */ 
81    	 0033	 90750003		i0 = i7 - (0x3)			# LN: 26 | 
82    	 0034	 00004DC0		a0 = 0			# LN: 26 | 
83    	 0035	 98540000		xmem[i0] = a0h			# LN: 26 | 
84    	 0036	 81000055		do (0x10), label_end_92			# LN: 26 | 
85    	 0037				cline_26_0:			/* LN: 27 | CYCLE: 0 | RULES: () */ 
86    	 0037				label_begin_92:			/* LN: 26 | CYCLE: 0 | RULES: () */ 
87    	 0037	 90750001		i0 = i7 - (0x1)			# LN: 27 | 
88    	 0038	 B0140000		i0 = xmem[i0]			# LN: 27 | 
89    	 0039	 80040000		x0 = xmem[_my_state + 1]			# LN: 27 | 
90    	 003A	 81940000		x1 = ymem[i0]			# LN: 27 | 
91    	 003B	 90750002		i0 = i7 - (0x2)			# LN: 27 | 
92    	 003C	 B0140000		i0 = xmem[i0]			# LN: 27 | 
93    	 003D	 00002020		a0 = x1 * x0			# LN: 27 | 
94    	 003E	 88D40000		ymem[i0] = a0			# LN: 27 | 
95    	 003F				cline_27_0:			/* LN: 28 | CYCLE: 0 | RULES: () */ 
96    	 003F	 90750002		i0 = i7 - (0x2)			# LN: 28 | 
97    	 0040	 B0140000		i0 = xmem[i0]			# LN: 28 | 
98    	 0041	 91750002		i1 = i7 - (0x2)			# LN: 28 | 
99    	 0042	 88940000		a0 = ymem[i0]			# LN: 28 | 
100   	 0043	 B0140001		i0 = xmem[i1]			# LN: 28 | 
101   	 0044	 00004E00		a0 = a0 << 1			# LN: 28 | 
102   	 0045	 98D40000		ymem[i0] = a0h			# LN: 28 | 
103   	 0046				cline_28_0:			/* LN: 29 | CYCLE: 0 | RULES: () */ 
104   	 0046	 90750002		i0 = i7 - (0x2)			# LN: 29 | 
105   	 0047	 B0140000		i0 = xmem[i0]			# LN: 29 | 
106   	 0048	 91750002		i1 = i7 - (0x2)			# LN: 29 | 
107   	 0049	 02087FFF		i0 += 1			# LN: 29 | 
108   	 004A	 B0540001		xmem[i1] = i0			# LN: 29 | 
109   	 004B				cline_29_0:			/* LN: 30 | CYCLE: 0 | RULES: () */ 
110   	 004B	 90750001		i0 = i7 - (0x1)			# LN: 30 | 
111   	 004C	 B0140000		i0 = xmem[i0]			# LN: 30 | 
112   	 004D	 91750001		i1 = i7 - (0x1)			# LN: 30 | 
113   	 004E	 02087FFF		i0 += 1			# LN: 30 | 
114   	 004F	 B0540001		xmem[i1] = i0			# LN: 30 | 
115   	 0050				cline_30_0:			/* LN: 26 | CYCLE: 0 | RULES: () */ 
116   	 0050				init_latch_label_0:			/* LN: 31 | CYCLE: 0 | RULES: () */ 
117   	 0050	 90750003		i0 = i7 - (0x3)			# LN: 26 | 
118   	 0051	 88140000		a0 = xmem[i0]			# LN: 26 | 
119   	 0052	 894A0001		uhalfword(a1) = (0x1)			# LN: 26 | 
120   	 0053	 00004408		a0 = a0 + a1			# LN: 26 | 
121   	 0054	 90750003		i0 = i7 - (0x3)			# LN: 26 | 
122   	 0055				label_end_92:			# LN: 26 | CYCLE: 5 | RULES: ()
123   	 0055	 98540000		xmem[i0] = a0h			# LN: 26 | 
124   	 0056				cline_26_1:			/* LN: 33 | CYCLE: 0 | RULES: () */ 
125   	 0056				for_end_0:			/* LN: 26 | CYCLE: 0 | RULES: () */ 
126   	 0056	 90750002		i0 = i7 - (0x2)			# LN: 33 | 
127   	 0057	 B0140000		i0 = xmem[i0]			# LN: 33 | 
128   	 0058	 91750002		i1 = i7 - (0x2)			# LN: 33 | 
129   	 0059	 90050010		i0 = i0 - (0x10)			# LN: 33 | 
130   	 005A	 B0540001		xmem[i1] = i0			# LN: 33 | 
131   	 005B				cline_33_0:			/* LN: 36 | CYCLE: 0 | RULES: () */ 
132   	 005B				switch_0:			/* LN: 36 | CYCLE: 0 | RULES: () */ 
133   	 005B	 88040000		a0 = xmem[_my_state + 0]			# LN: 36 | 
134   	 005C	 00004E80		a0 & a0			# LN: 36 | 
135   	 005D	 84080062		if (a == 0) jmp (case_0)			# LN: 36 | 
136   	 005E	 894A0001		uhalfword(a1) = (0x1)			# LN: 36 | 
137   	 005F	 00004F08		a0 - a1			# LN: 36 | 
138   	 0060	 8408007A		if (a == 0) jmp (case_1)			# LN: 36 | 
139   	 0061	 80080098		jmp (default_0)			# LN: 36 | 
140   	 0062				cline_36_0:			/* LN: 41 | CYCLE: 0 | RULES: () */ 
141   	 0062				case_0:			/* LN: 38 | CYCLE: 0 | RULES: () */ 
142   	 0062	 90750004		i0 = i7 - (0x4)			# LN: 41 | 
143   	 0063	 00004DC0		a0 = 0			# LN: 41 | 
144   	 0064	 98540000		xmem[i0] = a0h			# LN: 41 | 
145   	 0065	 81000078		do (0x10), label_end_93			# LN: 41 | 
146   	 0066				cline_41_0:			/* LN: 44 | CYCLE: 0 | RULES: () */ 
147   	 0066				label_begin_93:			/* LN: 41 | CYCLE: 0 | RULES: () */ 
148   	 0066	 90750002		i0 = i7 - (0x2)			# LN: 44 | 
149   	 0067	 B0140000		i0 = xmem[i0]			# LN: 44 | 
150   	 0068	 91750002		i1 = i7 - (0x2)			# LN: 44 | 
151   	 0069	 88940000		a0 = ymem[i0]			# LN: 44 | 
152   	 006A	 80880019		call (_fabs_foo)			# LN: 44 | 
153   	 006B	 B0140001		i0 = xmem[i1]			# LN: 44 | 
154   	 006C	 00007FFF		nop #empty cycle
155   	 006D	 98D40000		ymem[i0] = a0h			# LN: 44 | 
156   	 006E				cline_44_0:			/* LN: 45 | CYCLE: 0 | RULES: () */ 
157   	 006E	 90750002		i0 = i7 - (0x2)			# LN: 45 | 
158   	 006F	 B0140000		i0 = xmem[i0]			# LN: 45 | 
159   	 0070	 91750002		i1 = i7 - (0x2)			# LN: 45 | 
160   	 0071	 02087FFF		i0 += 1			# LN: 45 | 
161   	 0072	 B0540001		xmem[i1] = i0			# LN: 45 | 
162   	 0073				cline_45_0:			/* LN: 41 | CYCLE: 0 | RULES: () */ 
163   	 0073				init_latch_label_1:			/* LN: 46 | CYCLE: 0 | RULES: () */ 
164   	 0073	 90750004		i0 = i7 - (0x4)			# LN: 41 | 
165   	 0074	 88140000		a0 = xmem[i0]			# LN: 41 | 
166   	 0075	 894A0001		uhalfword(a1) = (0x1)			# LN: 41 | 
167   	 0076	 00004408		a0 = a0 + a1			# LN: 41 | 
168   	 0077	 90750004		i0 = i7 - (0x4)			# LN: 41 | 
169   	 0078				label_end_93:			# LN: 41 | CYCLE: 5 | RULES: ()
170   	 0078	 98540000		xmem[i0] = a0h			# LN: 41 | 
171   	 0079				cline_41_1:			/* LN: 48 | CYCLE: 0 | RULES: () */ 
172   	 0079				for_end_1:			/* LN: 41 | CYCLE: 0 | RULES: () */ 
173   	 0079	 80080099		jmp (_6E19A8)			# LN: 48 | 
174   	 007A				cline_36_1:			/* LN: 54 | CYCLE: 0 | RULES: () */ 
175   	 007A				case_1:			/* LN: 51 | CYCLE: 0 | RULES: () */ 
176   	 007A	 90750005		i0 = i7 - (0x5)			# LN: 54 | 
177   	 007B	 00004DC0		a0 = 0			# LN: 54 | 
178   	 007C	 98540000		xmem[i0] = a0h			# LN: 54 | 
179   	 007D	 81000096		do (0x10), label_end_94			# LN: 54 | 
180   	 007E				cline_54_0:			/* LN: 56 | CYCLE: 0 | RULES: () */ 
181   	 007E				label_begin_94:			/* LN: 54 | CYCLE: 0 | RULES: () */ 
182   	 007E	 90750002		i0 = i7 - (0x2)			# LN: 56 | 
183   	 007F	 B0140000		i0 = xmem[i0]			# LN: 56 | 
184   	 0080	 91750002		i1 = i7 - (0x2)			# LN: 56 | 
185   	 0081	 88940000		a0 = ymem[i0]			# LN: 56 | 
186   	 0082	 80880019		call (_fabs_foo)			# LN: 56 | 
187   	 0083	 B0140001		i0 = xmem[i1]			# LN: 56 | 
188   	 0084	 817A4000		x1 = (0x4000)			# LN: 56 | 
189   	 0085	 89940000		a1 = ymem[i0]			# LN: 56 | 
190   	 0086	 00004408		a0 = a0 + a1			# LN: 56 | 
191   	 0087	 00587FFF		x0 = a0h			# LN: 56 | 
192   	 0088	 90750002		i0 = i7 - (0x2)			# LN: 56 | 
193   	 0089	 B0140000		i0 = xmem[i0]			# LN: 56 | 
194   	 008A	 00002020		a0 = x1 * x0			# LN: 56 | 
195   	 008B	 88D40000		ymem[i0] = a0			# LN: 56 | 
196   	 008C				cline_56_0:			/* LN: 57 | CYCLE: 0 | RULES: () */ 
197   	 008C	 90750002		i0 = i7 - (0x2)			# LN: 57 | 
198   	 008D	 B0140000		i0 = xmem[i0]			# LN: 57 | 
199   	 008E	 91750002		i1 = i7 - (0x2)			# LN: 57 | 
200   	 008F	 02087FFF		i0 += 1			# LN: 57 | 
201   	 0090	 B0540001		xmem[i1] = i0			# LN: 57 | 
202   	 0091				cline_57_0:			/* LN: 54 | CYCLE: 0 | RULES: () */ 
203   	 0091				init_latch_label_2:			/* LN: 58 | CYCLE: 0 | RULES: () */ 
204   	 0091	 90750005		i0 = i7 - (0x5)			# LN: 54 | 
205   	 0092	 88140000		a0 = xmem[i0]			# LN: 54 | 
206   	 0093	 894A0001		uhalfword(a1) = (0x1)			# LN: 54 | 
207   	 0094	 00004408		a0 = a0 + a1			# LN: 54 | 
208   	 0095	 90750005		i0 = i7 - (0x5)			# LN: 54 | 
209   	 0096				label_end_94:			# LN: 54 | CYCLE: 5 | RULES: ()
210   	 0096	 98540000		xmem[i0] = a0h			# LN: 54 | 
211   	 0097				cline_54_1:			/* LN: 59 | CYCLE: 0 | RULES: () */ 
212   	 0097				for_end_2:			/* LN: 54 | CYCLE: 0 | RULES: () */ 
213   	 0097	 80080099		jmp (_6E19A8)			# LN: 59 | 
214   	 0098				cline_36_2:			/* LN: 62 | CYCLE: 0 | RULES: () */ 
215   	 0098				default_0:			/* LN: 61 | CYCLE: 0 | RULES: () */ 
216   	 0098	 80080099		jmp (switch_end_0)			# LN: 62 | 
217   	 0099				cline_62_0:			/* LN: 66 | CYCLE: 0 | RULES: () */ 
218   	 0099				_6E19A8:			/* LN: 66 | CYCLE: 0 | RULES: () */ 
219   	 0099				switch_end_0:			/* LN: 36 | CYCLE: 0 | RULES: () */ 
220   	 0099	 8008009A		jmp (__epilogue_108)			# LN: 66 | 
221   	 009A				__epilogue_108:			/* LN: 66 | CYCLE: 0 | RULES: () */ 
222   	 009A	 97750005		i7 = i7 - (0x5)			# LN: 66 | 
223   	 009B	 02177FFF		i7 -= 1			# LN: 66 | 
224   	 009C	 81880000		ret			# LN: 66 | 
225   						(null)
				 SYMBOL TABLE 

    Name                                                                                    Type                  Value 

_6E19A8                                                                         			         Relocatable         distortion2_GEN_0000:0099H
_COMMON_INC_PATH_                                                               					 Define                 "C:/CirrusDSP/crystal32/common/inc/"
_DSP_                                                                           					 Define                 "a"
_LOCAL_INC_PATH_                                                                					 Define                 "inc/"
_LOCAL_SRC_PATH_                                                                					 Define                 "src/"
_MUI_VERSION_                                                                   					 Define                 "020000"
_OVLY_                                                                          					 Define                 "standalone"
_OVLY_REVISION_                                                                 					 Define                 "020000"
_ROUTER_INC_PATH_                                                               					 Define                 "rom_inc/"
_SLOT_                                                                          					 Define                 "0"
_TARGET_FAMILY_                                                                 					 Define                 "crystal32"
_TOOLS_VERSION_                                                                 					 Define                 "0x0701"
_VERSION_                                                                       					 Define                 "00"
__CASM_VER__                                                                    			  Unused Variable		        0 (701H)
__epilogue_104                                                                  			         Relocatable         distortion2_GEN_0000:0016H
__epilogue_106                                                                  			         Relocatable         distortion2_GEN_0000:0029H
__epilogue_108                                                                  			         Relocatable         distortion2_GEN_0000:009AH
_distortionInit                                                                 			  Public Relocatable       distortion2_GEN_0000:0000H
_fabs_foo                                                                       			  Public Relocatable       distortion2_GEN_0000:0019H
_my_state                                                                       					 External   
_processSingleChannel                                                           			  Public Relocatable       distortion2_GEN_0000:002CH
case_0                                                                          			         Relocatable         distortion2_GEN_0000:0062H
case_1                                                                          			         Relocatable         distortion2_GEN_0000:007AH
cline_12_0                                                                      			  Unused Relocatable        distortion2_GEN_0000:001EH
cline_14_0                                                                      			  Unused Relocatable        distortion2_GEN_0000:0022H
cline_16_0                                                                      			  Unused Relocatable        distortion2_GEN_0000:0026H
cline_18_0                                                                      			  Unused Relocatable        distortion2_GEN_0000:0029H
cline_22_0                                                                      			  Unused Relocatable        distortion2_GEN_0000:0033H
cline_26_0                                                                      			  Unused Relocatable        distortion2_GEN_0000:0037H
cline_26_1                                                                      			  Unused Relocatable        distortion2_GEN_0000:0056H
cline_27_0                                                                      			  Unused Relocatable        distortion2_GEN_0000:003FH
cline_28_0                                                                      			  Unused Relocatable        distortion2_GEN_0000:0046H
cline_29_0                                                                      			  Unused Relocatable        distortion2_GEN_0000:004BH
cline_30_0                                                                      			  Unused Relocatable        distortion2_GEN_0000:0050H
cline_33_0                                                                      			  Unused Relocatable        distortion2_GEN_0000:005BH
cline_36_0                                                                      			  Unused Relocatable        distortion2_GEN_0000:0062H
cline_36_1                                                                      			  Unused Relocatable        distortion2_GEN_0000:007AH
cline_36_2                                                                      			  Unused Relocatable        distortion2_GEN_0000:0098H
cline_41_0                                                                      			  Unused Relocatable        distortion2_GEN_0000:0066H
cline_41_1                                                                      			  Unused Relocatable        distortion2_GEN_0000:0079H
cline_44_0                                                                      			  Unused Relocatable        distortion2_GEN_0000:006EH
cline_45_0                                                                      			  Unused Relocatable        distortion2_GEN_0000:0073H
cline_54_0                                                                      			  Unused Relocatable        distortion2_GEN_0000:007EH
cline_54_1                                                                      			  Unused Relocatable        distortion2_GEN_0000:0097H
cline_56_0                                                                      			  Unused Relocatable        distortion2_GEN_0000:008CH
cline_57_0                                                                      			  Unused Relocatable        distortion2_GEN_0000:0091H
cline_62_0                                                                      			  Unused Relocatable        distortion2_GEN_0000:0099H
cline_6_0                                                                       			  Unused Relocatable        distortion2_GEN_0000:0009H
cline_8_0                                                                       			  Unused Relocatable        distortion2_GEN_0000:000FH
cline_9_0                                                                       			  Unused Relocatable        distortion2_GEN_0000:0015H
default_0                                                                       			         Relocatable         distortion2_GEN_0000:0098H
else_0                                                                          			         Relocatable         distortion2_GEN_0000:0026H
endif_0                                                                         			  Unused Relocatable        distortion2_GEN_0000:0026H
for_end_0                                                                       			  Unused Relocatable        distortion2_GEN_0000:0056H
for_end_1                                                                       			  Unused Relocatable        distortion2_GEN_0000:0079H
for_end_2                                                                       			  Unused Relocatable        distortion2_GEN_0000:0097H
init_latch_label_0                                                              			  Unused Relocatable        distortion2_GEN_0000:0050H
init_latch_label_1                                                              			  Unused Relocatable        distortion2_GEN_0000:0073H
init_latch_label_2                                                              			  Unused Relocatable        distortion2_GEN_0000:0091H
label_begin_92                                                                  			  Unused Relocatable        distortion2_GEN_0000:0037H
label_begin_93                                                                  			  Unused Relocatable        distortion2_GEN_0000:0066H
label_begin_94                                                                  			  Unused Relocatable        distortion2_GEN_0000:007EH
label_end_92                                                                    			         Relocatable         distortion2_GEN_0000:0055H
label_end_93                                                                    			         Relocatable         distortion2_GEN_0000:0078H
label_end_94                                                                    			         Relocatable         distortion2_GEN_0000:0096H
switch_0                                                                        			  Unused Relocatable        distortion2_GEN_0000:005BH
switch_end_0                                                                    			         Relocatable         distortion2_GEN_0000:0099H

	       SEGMENTS:

Size			  Name										 Class
0000H	 __INIT                                  			 CODE                                    
009DH	 distortion2_GEN_0000                    			 CODE_OVLY                               
